// Jest Snapshot v1, https://goo.gl/fbAQLP

exports[`src/App snapshot loaded 1`] = `
<div>
  <div>
    <div>
      <form
        onSubmit={[Function]}
      >
        <div
          className="MuiGrid-root MuiGrid-container"
        >
          <div
            className="MuiGrid-root MuiGrid-item MuiGrid-grid-xs-12"
          >
            <p
              className="MuiTypography-root MuiTypography-body1"
            >
              ID: 
              1
            </p>
          </div>
          <div
            className="MuiGrid-root MuiGrid-item MuiGrid-grid-xs-12"
          >
            <p
              className="MuiTypography-root MuiTypography-body1"
            >
              Strava ID: 
              10
            </p>
          </div>
          <div
            className="MuiGrid-root MuiGrid-item MuiGrid-grid-xs-12"
          >
            <p
              className="MuiTypography-root MuiTypography-body1"
            >
              Strava Username: 
              my name
            </p>
          </div>
          <div
            className="MuiGrid-root MuiGrid-item MuiGrid-grid-xs-12"
          >
            <div
              className="MuiFormControl-root MuiTextField-root MuiFormControl-marginNormal"
            >
              <label
                className="MuiFormLabel-root MuiInputLabel-root MuiInputLabel-formControl MuiInputLabel-animated MuiInputLabel-outlined"
                data-shrink={false}
              >
                IFTTT Key
              </label>
              <div
                className="MuiInputBase-root MuiOutlinedInput-root MuiInputBase-formControl"
                onClick={[Function]}
              >
                <input
                  aria-invalid={false}
                  className="MuiInputBase-input MuiOutlinedInput-input"
                  disabled={false}
                  onAnimationStart={[Function]}
                  onBlur={[Function]}
                  onChange={[Function]}
                  onFocus={[Function]}
                  required={false}
                  type="text"
                  value="my key"
                />
                <fieldset
                  aria-hidden={true}
                  className="PrivateNotchedOutline-root-192 MuiOutlinedInput-notchedOutline"
                  style={
                    Object {
                      "paddingLeft": 8,
                    }
                  }
                >
                  <legend
                    className="PrivateNotchedOutline-legend-193"
                    style={
                      Object {
                        "width": 0.01,
                      }
                    }
                  >
                    <span
                      dangerouslySetInnerHTML={
                        Object {
                          "__html": "&#8203;",
                        }
                      }
                    />
                  </legend>
                </fieldset>
              </div>
            </div>
          </div>
          <div
            className="MuiGrid-root MuiGrid-item MuiGrid-grid-xs-12"
          >
            <div
              className="MuiFormControl-root MuiTextField-root MuiFormControl-marginNormal"
            >
              <label
                className="MuiFormLabel-root MuiInputLabel-root MuiInputLabel-formControl MuiInputLabel-animated MuiInputLabel-outlined"
                data-shrink={false}
              >
                IFTTT Message
              </label>
              <div
                className="MuiInputBase-root MuiOutlinedInput-root MuiInputBase-formControl"
                onClick={[Function]}
              >
                <input
                  aria-invalid={false}
                  className="MuiInputBase-input MuiOutlinedInput-input"
                  disabled={false}
                  onAnimationStart={[Function]}
                  onBlur={[Function]}
                  onChange={[Function]}
                  onFocus={[Function]}
                  required={false}
                  type="text"
                  value="my message"
                />
                <fieldset
                  aria-hidden={true}
                  className="PrivateNotchedOutline-root-192 MuiOutlinedInput-notchedOutline"
                  style={
                    Object {
                      "paddingLeft": 8,
                    }
                  }
                >
                  <legend
                    className="PrivateNotchedOutline-legend-193"
                    style={
                      Object {
                        "width": 0.01,
                      }
                    }
                  >
                    <span
                      dangerouslySetInnerHTML={
                        Object {
                          "__html": "&#8203;",
                        }
                      }
                    />
                  </legend>
                </fieldset>
              </div>
            </div>
          </div>
          <div
            className="MuiGrid-root MuiGrid-item"
          >
            <button
              className="MuiButtonBase-root MuiButton-root MuiButton-contained MuiButton-containedPrimary"
              disabled={false}
              onBlur={[Function]}
              onDragLeave={[Function]}
              onFocus={[Function]}
              onKeyDown={[Function]}
              onKeyUp={[Function]}
              onMouseDown={[Function]}
              onMouseLeave={[Function]}
              onMouseUp={[Function]}
              onTouchEnd={[Function]}
              onTouchMove={[Function]}
              onTouchStart={[Function]}
              tabIndex={0}
              type="submit"
            >
              <span
                className="MuiButton-label"
              >
                Submit
              </span>
              <span
                className="MuiTouchRipple-root"
              />
            </button>
          </div>
        </div>
      </form>
    </div>
    <div>
      <div
        className="MuiPaper-root MuiPaper-elevation1 MuiCard-root MuiPaper-rounded"
      >
        <div
          className="MuiCardContent-root"
        >
          <h6
            className="MuiTypography-root MuiTypography-h6"
          >
            Activity Summary
          </h6>
          <h6
            className="MuiTypography-root MuiTypography-subtitle1 MuiTypography-colorTextSecondary"
          >
            Latest
          </h6>
          <p
            className="MuiTypography-root MuiTypography-body1"
          >
            3
             m
          </p>
          <p
            className="MuiTypography-root MuiTypography-body1"
          >
            00m
          </p>
          <p
            className="MuiTypography-root MuiTypography-body1"
          >
            22:13/km
          </p>
          <p
            className="MuiTypography-root MuiTypography-body1"
          >
            6
             kcal
          </p>
          <h6
            className="MuiTypography-root MuiTypography-subtitle1 MuiTypography-colorTextSecondary"
          >
            Weekly (
            1004
            )
          </h6>
          <p
            className="MuiTypography-root MuiTypography-body1"
          >
            1,005
             m
          </p>
          <p
            className="MuiTypography-root MuiTypography-body1"
          >
            27h46m
          </p>
          <p
            className="MuiTypography-root MuiTypography-body1"
          >
            1658:28/km
          </p>
          <h6
            className="MuiTypography-root MuiTypography-subtitle1 MuiTypography-colorTextSecondary"
          >
            Monthly (
            14
            )
          </h6>
          <p
            className="MuiTypography-root MuiTypography-body1"
          >
            14
             m
          </p>
          <p
            className="MuiTypography-root MuiTypography-body1"
          >
            00m
          </p>
          <p
            className="MuiTypography-root MuiTypography-body1"
          >
            17:51/km
          </p>
        </div>
      </div>
      <button
        className="MuiButtonBase-root MuiButton-root MuiButton-contained MuiButton-containedPrimary"
        disabled={false}
        onBlur={[Function]}
        onClick={[Function]}
        onDragLeave={[Function]}
        onFocus={[Function]}
        onKeyDown={[Function]}
        onKeyUp={[Function]}
        onMouseDown={[Function]}
        onMouseLeave={[Function]}
        onMouseUp={[Function]}
        onTouchEnd={[Function]}
        onTouchMove={[Function]}
        onTouchStart={[Function]}
        tabIndex={0}
        type="button"
      >
        <span
          className="MuiButton-label"
        >
          Recalc
        </span>
        <span
          className="MuiTouchRipple-root"
        />
      </button>
    </div>
  </div>
</div>
`;

exports[`src/App snapshot loading 1`] = `
<div>
  <div>
    loading...
  </div>
</div>
`;
